error: cannot open definitely-not-a-file.h2o
in load
survived 
16 9 :red 0 [ 1 4 9 ] 14 49 /tmp/lf141a.h2o:3: unknown word: bogus 
/tmp/lf141b.h2o:2: division by zero 
/tmp/lf141c.h2o:2: unterminated definition 
/tmp/lf141inner.h2o:1: unknown word: oops (did you mean cons?) 
42 
7 
15 
9 
unknown word: nosuchword 
unterminated definition 
division by zero 
expected a string; got a float 
still here 
