error: cannot open definitely-not-a-file.telic
in load
survived 
16 9 :red 0 [ 1 4 9 ] 14 49 /tmp/lf141a.telic:3: unknown word: bogus 
/tmp/lf141b.telic:2: division by zero 
/tmp/lf141c.telic:2: unterminated definition 
/tmp/lf141inner.telic:1: unknown word: oops (did you mean loop?) 
42 
7 
15 
9 
unknown word: nosuchword 
unterminated definition 
division by zero 
expected a string; got a float 
still here 
