hello world 3 0 3 value: 42 name=foo 3 2 1 keep {x} literal raw {0} 12 1 3 0 1 aaaaaaaaaaaaaaaaaaaaaaaaaaaaaaaaaaaaaaaaaaaaaaaaaaaaaaaaaaaaaaaaaaaaaaaaaaaaaaaaaaaaaaaaaaaaaaaaaaaa 
0123456789ABCDEF0123456789ABCDEF0123456789ABCDEF0123456789ABCDEF0123456789ABCDEF0123456789ABCDEF0123456789ABCDEF0123456789ABCDEF0123456789ABCDEF0123456789ABCDEF0123456789ABCDEF0123456789ABCDEF0123456789ABCDEF0123456789ABCDEF0123456789ABCDEF0123456789ABCDEF0123456789ABCDEF0123456789ABCDEF0123456789ABCDEF0123456789ABCDEF 
zzzzzzzzzzzzzzzzzzzzzzzzzzzzzzzzzzzzzzzzzzzzzzzzzzzzzzzzzzzzzzzzzzzzzzzzzzzzzzzzzzzzzzzzzzzzzzzzzzzzzzzzzzzzzzzzzzzzzzzzzzzzzzzzzzzzzzzzzzzzzzzzzzzzzzzzzzzzzzzzzzzzzzzzzzzzzzzzzzzzzzzzzzzzzzzzzzzzzzzzzzzzzzzzzzzzzzzzzzzzzzzzzzzzzzzzzzzzzzzzzzzzzzzzzzzzzzzzzzzzzzzzzzzzzzzzzzzzzzzzzzzzzzzzzzzzzzzzzzzzzzzzz 
1 
1 
1 
1 
1 
1 
1 
1 
1 
1 
1 
1 
1 
1 
1 
1 
1 
1 
1 
1 
1 
1 
1 
1 
1 
1 
1 
1 
1 
1 
1 
1 
1 
error: {d} needs a float; got a string
in format
error: {.2f} needs a float; got a string
in format
error: bad spec 'z'
in format
error: {x} needs a non-negative value; got -26
in format
error: {x} needs a float; got a string
in format
HELLO, WORLD! 
hello, world! 
mixed 42 _-! MIXED 42 _-! 
0 
HéLLO ΩMEGA 
héllo Ωmega 
A"B 
abc 
[< "ann" >] 
error: expected a string; got a float
in upper-case
error: expected a string; got a symbol
in lower-case
ell 
hello 
h 
o 
 
 
error: range [0, 6) out of bounds for length 5
in substring
error: range [-1, 3) out of bounds for length 5
in substring
error: range [3, 1) out of bounds for length 5
in substring
error: expected a string; got a float
in substring
héllo 
wörld 
héll 
é 
5 
6 
11 
13 
h 
é 
😀 
233 
128512 
error: index 5 out of bounds for length 5
in char-at
error: index -1 out of bounds for length 5
in codepoint-at
[ "h" "é" "l" "l" "o" ] 
[ "x" "😀" "y" ] 
[ 104 233 108 108 111 ] 
[ ] 
é 
😀 
héllo 
x😀y 
 
héllo 😀 wörld 
error: codepoint 1114112 out of range
in codepoint>char
error: codepoint -1 out of range at element 1
in codepoints>string
hi 
2 
mid word 
data 
0 
0 
error: expected a string; got a float
in trim
a,b,c 
abc 
x 
 
chr1 
one - two 
error: element 1 is a float, expected a string
in join
1 
1 
1 
1 
50 
20 
1 
99 
1 
7 
1 
1 
1 
1 
1 
a
b 3 
2 
3 
error: {0} needs 1 stack value(s) but only 0 present
in format
error: {3} needs 4 stack value(s) but only 1 present
in format
error: expected a template string; got a float
in format
error: {3000000000} needs 3000000001 stack value(s) but only 1 present
in format
1 
1 
1 
1 
1 
1 
1 
1 
1 
1 
1 
0 
1 
1 
1 
3 
3 
0 
0 
3 
3 
1 
1 
1 
1 
1 
1 
