0 
9 
27 
42 
:red 
[( 1 2 3 null )] 
V=42 
[( X=9 X=9 null )] 
3 
2.5 
[ 2 3 4 ] 
: bump-all   \ 19 cells
 0: (branch) 13
 2: [:
 3: (enter-locals-to) 1 1
 6: (local@0) 0
 8: (lit) 1
 10: +
 11: (leave-locals) 1
 13: exit
 14: (lit) '?
 16: (tailcall) map
 18: exit
;
error: expected two floats, two strings, two sets, two matrices, scalar/matrix, or two arrays; got none and a float
in + ← [: x | x 1 + :]
1 
2 
2 
[< 1 2 3 >] "hello" <matrix 2x2:  1 2 3 4> { :a 1 :b { :c 2 } :d [< 7 8 >] } 
