25 
25 
30 
30 
[ 110 120 130 ] 
85 
120 
21 
35 
42 
123 
[ 110 120 130 ] 
25 
9 
7 
770 
error: x is not bound in this quotation; pass it in or use pick
error: a is not bound in this quotation; pass it in or use pick
error: |: locals are declared in one list; `to` declares the rest
in |
error: |: locals must be declared at the head of the body
in |
error: |: empty locals list; omit it
in |
error: unknown word: never-stored
error: to: tally is a global; declare it in the locals list as ^tally to assign it here, or rename the local
in :
error: to: tally is a global; declare it in the locals list as ^tally to assign it here, or rename the local
in :
error: to: tally is a global; declare it in the locals list as ^tally to assign it here, or rename the local
in |
error: |: to is a compile-time word and cannot name a local; rename it
in |
error: |: case is a compile-time word and cannot name a local; rename it
in |
error: to: if is a compile-time word and cannot name a local; rename it
in :
error: do: to is a compile-time word and cannot name a local; rename it
in :
[ 4 9 16 ] 
[ 4 9 16 ] 
9 
[ 4 6 8 ] 
5 
7 
6 
25 
36 
