{
  :a 1
  :b 2
}

{
  :a 1
  :b 2
}

{
  :a 1
  :b 2
}

{
  :a 1
  :b {
    :c 2
  }
}

5 
7 
error: no key :z
in @
5 
42 
error: no key :z
in (@.symbol)
error: @: expected a symbol or path (array of symbols); got a float
in @
[ { :a 1 } ] 
1 
0 
[< { :a 1 } >] 
{
  :a 1
  :b 2
}

{
  :a {
    :b 9
  }
}

{
  :a 2
}

{
  :a 1
  :b 2
}

7 
error: empty path
in !
{
  :a 99
}

{
  :a 5
}

{
  :a 1
  :b 2
}

{
  :k 7
}

error: !: expected a symbol or path (array of symbols); got a float
in !
[ :a :b ] 
[ 1 2 ] 
[ ] 
[ ] 
[< :a :b >] 
1 
[< >] 
3 
{
  :a 1
  :b 2
}

{
  :x 1
  :y 2
}

{
  :a 1
  :b 2
}

error: keys and values must be the same length (1 vs 2)
in frame
{
  :b 2
}

{
  :a {
    :c 2
  }
}

{
  :c 3
}

error: no key :z
in delete-at
error: empty path
in delete-at
{
  :b 2
}

{
}

error: no key :z
in delete-at
error: delete-at: expected a symbol or path (array of symbols); got a float
in delete-at
1 
0 
0 
1 
1 
99 
2 
99 
99 
error: expected a frame; got a float
in @or
error: @or: expected a symbol or path (array of symbols); got a float
in @or
1 
0 
1 
error: expected a symbol or path (array of symbols); got a float
in has?
{
  :n 6
}

{
  :a {
    :b 20
  }
}

15 
error: no key :z
in update-at
error: xt required on stack; got a float
in update-at
error: empty path
in update-at
{
  :a 6
}

{
  :a 2
  :b 1
}

{
  :k 42
}

error: no key :z
in update-at
error: update-at: expected a symbol or path (array of symbols); got a float
in update-at
1010 99 
707 1 2 
{
  :a 1
  :b 3
  :c 4
}

{
  :a 1
}

1 
1 
1 
1 
[ :a 1 :b 2 ] 
{"a": 1, "b": 2} 
{"x": {"y": 9}} 
[ ] 
1 
1 
1 
1 
2 
1 
{"w": {"x": {"y": {"z": 5}}}} 
{"a": {"b": {"c": 1}}, "d": [2, 3]} 
