10 20 30 

42 
"a" 5 :sym 
[ 1 2 ] [ 3 4 ] 
1 2 3 

:a 1 :b 2 
:x 10 

[ 1 2 3 ] 
error: expected array, set, or frame; got a float
in destruct
error: expected array, set, or frame; got a string
in destruct
error: expected array, set, or frame; got a symbol
in destruct
error: stack underflow
in destruct
1 2 3 
10 20 30 
11 12 
100 200 300 
hi :sym 42 
error: length mismatch (source 2, target 3)
in destruct-to
error: source must be an array; got a float
in destruct-to
error: target must be an array; got a float
in destruct-to
error: target item at index 0 must be symbol or xt; got a float
in destruct-to
