1 
2 
{"c": 42} 
7 
9 
error: empty path key
in }
error: path elements must be symbols; got a float
in }
error: keys must be symbols or paths; got a float
in }
error: empty path key
in array>frame
error: path elements must be symbols; got a float
in array>frame
[ 1 2 ] 
[ 1 2 ] 
[ 1 ] 
[ ] 
[ 1 2 ] 
[ 1 ] 
[ { :x 1 } { :x 2 :y 3 } 1 2 3 ] 
error: structure too deeply nested (cycle?)
in select-values
error: malformed predicate (expected [key] or [key op value])
in select-values
error: malformed predicate (comparison needs a value)
in select-values
