1 
1 
1 
1 
1 
1 
1 
1 
1 
1 
1 
1 
1 
5 
1 
1 
1 
1 
1 
1 
1 
1 
1 
1 
2 
4 
3 
0 
3 
3 
[ :1 null 5 ] 
1 
0 
1 
1 
error: invalid literal
in json>frame
error: invalid literal
in json>frame
error: unexpected end of input
in json>frame
error: unterminated string
in json>frame
error: invalid number
in json>frame
error: unterminated array
in json>frame
error: unterminated object
in json>frame
error: trailing content after value
in json>frame
error: truncated \u escape
in json>frame
error: unsupported string escape
in json>frame
