42 
7 
Boston 
02134 
2 
42 
99 

Cambridge 
99 
100 
100 7 
1 
: price-of | r | r@price ;
77 
1 
9 
3 
error: no key :missing
in (@.symbol)
error: expected a frame; got a float
in @
error: unknown word: row@ (did you mean row?)
error: unknown word: nonesuch@price
error: unknown word: row!price@qty
