(lit) 3                 |
(lit) 4                 | 3
+                       | 3 4
exit                    | 7
7 
(lit) 5                 |
(tailcall) sq           | 5
(enter-locals-to) 1 1   | 5
(load2) 0 0             |
*                       | 5 5
(leave-locals) 1        | 25
exit                    | 25
25 
(lit) 2                 |
(tailcall) count-to     | 2
(enter-locals-to) 1 1   | 2
(lit) 0                 |
dup                     | 0
(local@0) 0             | 0 0
(<0branch) 4            | 0 0 2
1+                      | 0
(branch) -7             | 1
dup                     | 1
(local@0) 0             | 1 1
(<0branch) 4            | 1 1 2
1+                      | 1
(branch) -7             | 2
dup                     | 2
(local@0) 0             | 2 2
(<0branch) 4            | 2 2 2
(leave-locals) 1        | 2
exit                    | 2
2 
(lit) 1                 |
(lit) 2                 | 1
(lit) 3                 | 1 2
(lit) 4                 | 1 2 3
(lit) 5                 | 1 2 3 4
(lit) 6                 | … 2 3 4 5
exit                    | … 3 4 5 6
1 2 3 4 5 6 
(lit) 1                 |
exit                    | 1
untraced 
