1 
0 
-13 -28 -65 -84 
-6 
0 
16 
1 0 
1 
0 
1 
1 
1 
error: expected :cutoff in [20, 20000]; got 10
in instrument-patch!
error: expected :resonance in [0, 4]; got 5
in instrument-patch!
error: expected :drive in [0.1, 10]; got 0
in instrument-patch!
error: expected a frame for :filter-envelope; got a float
in instrument-patch!
error: expected :amount in [-10, 10]; got 11
in instrument-patch!
error: unknown filter-envelope key :shape
in instrument-patch!
