1 
0.577 0.577 0.577 
1 
0 
1 
0.817 0 
1 
error: expected :unison in [1, 7]; got 0
in instrument-patch!
error: expected :unison in [1, 7]; got 8
in instrument-patch!
error: expected an integer for :unison; got 2.5
in instrument-patch!
error: expected :unison-detune in [0, 100]; got 101
in instrument-patch!
error: expected :unison-spread in [0, 1]; got 2
in instrument-patch!
