1 
0.25 
0 1.414 
0 1.414 
1 
1 
1 0 
0 
0.5 
1 0 
1 
error: expected a parameter key (:level :pan :cutoff :resonance :drive); got :glide
in instrument!
error: expected :level in [0, 1]; got 2
in instrument!
error: expected a parameter key (:level :pan :cutoff :resonance :drive); got a string
in instrument!
error: unknown instrument :absent; give it a patch with instrument-patch!
in instrument!
error: expected an instrument name (a symbol); got a float
in instrument!
error: expected an oscillator index in oscillator! in [0, 8); got 8
in oscillator!
error: expected a parameter key (:level :ratio :width); got :detune
in oscillator!
error: unknown instrument :absent; give it a patch with instrument-patch!
in oscillator!
