25 
1 2 2 
1 2 1 
1 2 1 2 
1 2 2 3 4 2 
28 
200 
3 
4 
1 2 2 
1 2 1 
1 
1 2 2 3 4 4 3 
4 
3 
1 
2 
error: %: division by zero
8 
14 
25 
1 
25 
30 
-1 
7 
28 
1 
7 28 
11 
12 
3 
24 
: framed   \ 18 cells
 0: (enter-locals-mixed) 2 1 1
 4: (local@0) 1
 6: (lit) 2
 8: *
 9: dup
 10: (local!0) 0
 12: (local@0) 0
 14: +
 15: (leave-locals) 2
 17: exit
;
[ 9 9 9 ] 
[ 14 14 14 ] 
big 
6 
3 2 1 0 
3 2 1 1 1 1 
25 
: square it it * ;
: square   \ 9 cells
 0: (enter-anaphors) 1
 2: (load2) 0 0
 5: *
 6: (leave-locals) 1
 8: exit
;
101 
5 
10 
error: it: 0 value(s) on the stack (need 1)
error: them: 0 value(s) on the stack (need 2)
error: them: 1 value(s) on the stack (need 2)
error: other: 1 value(s) on the stack (need 2)
error: that: 1 value(s) on the stack (need 2)
error: 0 value(s) on the stack at entry (need 1)
in (enter-anaphors) ← strict
error: 1 value(s) on the stack at entry (need 2)
in (enter-anaphors) ← strict2
error: this: the mention that fixes it must sit at the top level of the body, not inside a branch, loop, or quotation
error: this: the mention that fixes it must sit at the top level of the body, not inside a branch, loop, or quotation
