25 
1 2 2 
1 2 1 
1 
1 2 2 3 4 2 
200 
11 
3 
1 
2 
error: %: division by zero
8 
14 
25 
1 
28 
25 
1 
107 
24 
: framed   \ 18 cells
 0: (enter-locals-mixed) 2 1 1
 4: (local@0) 1
 6: (lit) 2
 8: *
 9: dup
 10: (local!0) 0
 12: (local@0) 0
 14: +
 15: (leave-locals) 2
 17: exit
;
[ 14 14 14 ] 
18 
13 
big 
6 
3 2 1 1 2 3 
25 
: squared this * ;
: squared   \ 11 cells
 0: (enter-locals) 1
 2: dup
 3: (local!0) 0
 5: (local@0) 0
 7: *
 8: (leave-locals) 1
 10: exit
;
101 
10 
error: this: 0 value(s) on the stack (need 1)
error: that: 0 value(s) on the stack (need 2)
error: that: 1 value(s) on the stack (need 2)
error: this: the mention that fixes it must sit at the top level of the body, not inside a branch, loop, or quotation
error: this: the mention that fixes it must sit at the top level of the body, not inside a branch, loop, or quotation
