name  note         weight 
fern  shade plant     1.5 
oak   tall            120 

weight  name  note        
   1.5  fern  shade plant 
   120  oak   tall        

note         weight  name 
shade plant     1.5  fern 
tall            120  oak  

name  note          weight 
fern  shade plant      1.5 
oak   tall             120 
moss  ground cover    0.02 
ivy   climbs walls       3 

                when    dose  tag    
2025-07-08T18:40:00Z  0.5 kg  first  
2025-07-09T18:40:00Z   12 kg  second 

99 
