#####.. 
####... 
###.... 
##..... 
#...... 
....... 
....... 
#####.. 
####... 
###.... 
##..... 
#...... 
....... 
....... 
....... 
######. 
....... 
####.. 
###... 
##.... 
#..... 
...... 
...... 
.... 
.... 
.... 
.... 
error: expected a coordinate; got a string
in fill-triangle
error: stack underflow
in fill-triangle
