##.. 
##.. 
##.. 
##.. 
##.. 
..#. 
##.. 
##.. 
..#. 
.... 
####.... 
####.... 
####.... 
####.... 
####.... 
####.... 
####.... 
####.... 
####.... 
####.... 
....##.. 
....##.. 
####.... 
####.... 
####.... 
####.... 
....##.. 
....##.. 
14 42 
.... 
.... 
#### 
#### 
error: text scale must be an integer in [1, 16]; got 0
in text-scale
error: text scale must be an integer in [1, 16]; got 1.5
in text-scale
error: text scale must be an integer in [1, 16]; got 17
in text-scale
error: expected a scale; got a string
in text-scale
