[ -1 3 ] 
[ -3 1 ] 
[ 0 4 ] 
[ 0 4 ] 
[ -0.5 1.5 ] 
1 0 
[ 1 ] 
[ ] 
[ 1 1 ] 
1 
0 
error: expected an nx4 matrix of segments; got 1x3
in segment-crossings
error: expected a nonzero direction; got 0 0
in segment-crossings
error: expected a matrix; got a string
in segment-crossings
error: expected a float; got a string
in segment-crossings
