1 
0 
1 
0 
hi 
bye 
42 
7 
12 
error: unresolved deferred word: unset
error: embodies: unknown word: nope-xyz
in embodies
error: embodies: not a deferred word: plain
in embodies
error: expected an execution token; got a float
in embodies
error: embodies: target must be a colon word or quotation
in embodies
error: embodies: only at top level
in embodies
error: embodies: not a deferred word: d3
in embodies
