......... 
......... 
......... 
...ooooo. 
...o###o. 
...o###o. 
...o###o. 
...ooooo. 
......... 
......... 
......... 
......... 
......#o. 
.....#oo. 
....#o#o. 
...#o##o. 
...ooooo. 
......... 
......... 
......... 
......... 
......... 
......... 
......... 
......... 
......... 
......... 
......... 
......... 
......... 
......... 
......... 
......... 
......... 
......... 
......... 
[ 16711680 ] [ 16711680 ] [ 8421504 ] 
[ 0 0 11796480 11796480 11796480 8421504 8421504 0 0 ] 
[ 0 16711680 16711680 16711680 16711680 8421504 8421504 16711680 0 ] 
[ 4210752 ] [ 12566463 ] 
......... 
......... 
......... 
...rrr#.. 
...rr##.. 
...r###.. 
...####.. 
......... 
......... 
[ 8421504 ] 
error: expected a 4x3 camera matrix; got 4x1
in fill-solid
error: expected a colour and a lead for each of 1 faces; got 0 and 1
in fill-solid
error: point index 9 out of bounds (4 points)
in fill-solid
error: expected a projection of 4 elements; got 3
in fill-solid
error: stack underflow
in fill-solid
