42 
500000500000 
: split   \ 14 cells
 0: dup
 1: (lit) 0
 3: (=0branch) 6
 5: drop
 6: (tailcall) leg1
 8: (branch) 4
 10: drop
 11: (tailcall) leg2
 13: exit
;
: guarded   \ 19 cells
 0: dup
 1: (lit) 0
 3: (=0branch) 4
 5: drop
 6: (branch) 11
 8: (lit) 5
 10: >r
 11: r>
 12: drop
 13: (lit) 1
 15: -
 16: guarded
 18: exit
;
[ 110 120 130 ] 
