42 
7 
Boston 
02134 
2 
42 
99 

Cambridge 
99 
100 
100 7 
: price-of   \ 9 cells
 0: (enter-locals-to) 1
 2: (local@0) 0
 4: (@key) 572
 6: (leave-locals) 1
 8: exit
;
: price-of | >r | r@price ;
77 
1 
9 
3 
error: no key :missing
in (@.symbol)
error: expected a frame; got a float
in @
error: unknown word: row@ (did you mean row?)
error: unknown word: nonesuch@price
error: unknown word: row!price@qty
